23:41:31 | INFO  | __init__.py | JAX version 0.6.2 available.
23:41:34 | INFO  | atomic_chec~| [atomic_save] installed crash-safe checkpoint plugin (write to sibling .tmp + fsync + atomic rename)
[2026-09-09 23:41:35,022][root][INFO] - Cached 'action' from '/home/tz/.stable_worldmodel/datasets/tworoom.h5'
[2026-09-09 23:41:35,030][root][INFO] - Cached 'proprio' from '/home/tz/.stable_worldmodel/datasets/tworoom.h5'
23:41:35 | INFO  | utils.py    | Created ViT-tiny from scratch with config: {'hidden_size': 192, 'num_hidden_layers': 12, 'num_attention_heads': 3, 'intermediate_size': 768, 'image_size': 224, 'patch_size': 14}
23:41:35 | INFO  | module.py   | Setting up DataModule
23:41:35 | INFO  | utils.py    | ── Module ────────────────────────────────────────
23:41:35 | WARN  | module.py   | ! No hyperparameters provided - hyperparameter logging is disabled.
23:41:35 | INFO  | module.py   |   Setting custom forward method.
23:41:35 | INFO  | module.py   |   Setting attribute: self.model = <class 'jepa.JEPA'>
23:41:35 | INFO  | module.py   |   Setting attribute: self.sigreg = <class 'module.SIGReg'>
23:41:35 | INFO  | module.py   |   Setting attribute: self.optim = <class 'dict'>
23:41:35 | INFO  | module.py   |   No metrics configuration provided - automatic metric tracking is disabled.
/home/tz/workspace/WAM/le-wm/.venv/lib/python3.10/site-packages/lightning/fabric/connector.py:571: `precision=bf16` is supported for historical reasons but its usage is discouraged. Please set your precision to bf16-mixed instead!
Using bfloat16 Automatic Mixed Precision (AMP)
23:41:35 | INFO  | env_info.py |   EnvironmentDumpCallback initialized (filename=environment.json, async=True)
23:41:35 | INFO  | utils.py    | ── HuggingFaceCheckpoint ─────────────────────────
23:41:35 | INFO  | hf_models.py|   save_dir: <cyan>hf_exports</cyan>
23:41:35 | INFO  | hf_models.py|   per_step: <cyan>False</cyan>  (False ⇒ overwrite single 'last/' subdir; True ⇒ keep step_N/)
Adding 14 callbacks from entry point 'stablepretraining_callbacks': PrintProgressBar, ModuleRegistryCallback, LoggingCallback, EnvironmentDumpCallback, TrainerInfo, SklearnCheckpoint, WandbCheckpoint, TrackioCheckpoint, SwanLabCheckpoint, ModuleSummary, SLURMInfo, LogUnusedParametersOnce, HuggingFaceCheckpointCallback, HardwareMonitor
GPU available: True (cuda), used: True
TPU available: False, using: 0 TPU cores
/home/tz/workspace/WAM/le-wm/.venv/lib/python3.10/site-packages/lightning/pytorch/trainer/connectors/logger_connector/logger_connector.py:76: Starting from v1.9.0, `tensorboardX` has been removed as a dependency of the `lightning.pytorch` package, due to potential conflicts with other packages in the ML ecosystem. For this reason, `logger=True` will use `CSVLogger` as the default logger, unless the `tensorboard` or `tensorboardX` packages are found. Please `pip install lightning[extra]` or one of them to enable TensorBoard support by default
💡 Tip: For seamless cloud logging and experiment tracking, try installing [litlogger](https://pypi.org/project/litlogger/) to enable LitLogger, which logs metrics and artifacts automatically to the Lightning Experiments platform.
23:41:35 | INFO  | utils.py    | ── SIGTERM preempt handler — install ─────────────
23:41:35 | INFO  | manager.py  |   SLURM_JOB_ID         = None
23:41:35 | INFO  | manager.py  |   SLURM_RESTART_COUNT  = '0'
23:41:35 | INFO  | manager.py  |   SLURM_PROCID         = '?'
23:41:35 | INFO  | manager.py  |   SLURM_NODEID         = '?'
23:41:35 | INFO  | manager.py  |   → not under SLURM (SLURM_JOB_ID unset); leaving SIGTERM handler as-is. Forwarding to submitit's USR signal would be a no-op since submitit isn't running upstream.
23:41:35 | WARN  | manager.py  | User didn't specify seed, runs won't be exactly reproducible!
23:41:35 | INFO  | manager.py  |   Manager init: ckpt_path=None, weights_only=True
23:41:35 | INFO  | utils.py    | ── WorkingDirectory ──────────────────────────────
23:41:35 | INFO  | manager.py  |   cwd: /home/tz/workspace/WAM/le-wm
23:41:35 | INFO  | utils.py    | ── Seed ──────────────────────────────────────────
23:41:35 | INFO  | manager.py  |   seed: None
/home/tz/workspace/WAM/le-wm/.venv/lib/python3.10/site-packages/lightning/fabric/utilities/seed.py:44: No seed found, seed set to 0
Seed set to 0
23:41:35 | INFO  | utils.py    | ── RunDirectory ──────────────────────────────────
23:41:35 | INFO  | manager.py  |   cache_dir = /home/tz/.cache/stable-pretraining
23:41:35 | INFO  | manager.py  |   ddp: launch_key=(single-process) rank=0 is_rank_zero=True
23:41:35 | INFO  | utils.py    | ── RunDirectory: requeue probe ───────────────────
23:41:35 | INFO  | manager.py  |   SLURM session key   = (no SLURM)
23:41:35 | INFO  | manager.py  |   SLURM_RESTART_COUNT = 0
23:41:35 | INFO  | manager.py  |   in_requeue          = False
23:41:35 | INFO  | utils.py    | ── RunDirectory: fresh ───────────────────────────
23:41:35 | INFO  | manager.py  |   no user ckpt_path — training from scratch / pretrained backbone.
23:41:35 | INFO  | manager.py  |   created run_dir = /home/tz/.cache/stable-pretraining/runs/20260909/234135/9241e9f868d0
23:41:35 | INFO  | manager.py  |   wrote run_meta.json with run_id=9241e9f868d0
23:41:35 | INFO  | manager.py  |   SLURM index = (no SLURM, skipped)
23:41:35 | WARN  | manager.py  | ! cache_dir is set but the Trainer was passed as an already-instantiated object. Cannot override default_root_dir cleanly. Consider passing the trainer as a config dict instead.
23:41:35 | WARN  | manager.py  | ! Hydra run.dir='outputs/2026-09-09/23-41-34' will be ignored for trainer outputs (cache_dir takes precedence).
23:41:35 | WARN  | manager.py  | ! Hydra sweep.dir='multirun/2026-09-09/23-41-34' will be ignored for trainer outputs (cache_dir takes precedence).
23:41:35 | INFO  | logger.py   | [RegistryLogger] run_id=9241e9f868d0 run_dir=/home/tz/.cache/stable-pretraining/runs/20260909/234135/9241e9f868d0 — sidecar.json + summary.json + metrics.csv will live here
23:41:35 | INFO  | utils.py    | ── RegistryLogger ────────────────────────────────
23:41:35 | INFO  | manager.py  |   run_dir: /home/tz/.cache/stable-pretraining/runs/20260909/234135/9241e9f868d0
23:41:35 | INFO  | manager.py  |   run_id:  9241e9f868d0
23:41:35 | INFO  | utils.py    | ── CSVLogger ─────────────────────────────────────
23:41:35 | INFO  | manager.py  |   root_dir: /home/tz/.cache/stable-pretraining/runs/20260909/234135/9241e9f868d0/
23:41:35 | INFO  | manager.py  |   save_dir: /home/tz/.cache/stable-pretraining/runs/20260909/234135/9241e9f868d0
23:41:35 | INFO  | manager.py  |   log_dir: /home/tz/.cache/stable-pretraining/runs/20260909/234135/9241e9f868d0/
23:41:35 | INFO  | utils.py    | ── SignalHandlers (after submitit setup (spt SIGTERM installed in __init__)) ──
23:41:35 | INFO  | manager.py  |   SIGUSR1  → SIG_DFL (default OS action — terminate process)
23:41:35 | INFO  | manager.py  |   SIGUSR2  → SIG_DFL (default OS action — terminate process)
23:41:35 | INFO  | manager.py  |   SIGCONT  → SIG_DFL (default OS action — terminate process)
23:41:35 | INFO  | manager.py  |   SIGTERM  → SIG_DFL (default OS action — terminate process)
23:41:35 | INFO  | utils.py    | ── Callbacks ─────────────────────────────────────
23:41:35 | INFO  | manager.py  |   count: 19
23:41:35 | INFO  | utils.py    | ── CacheDirCheckpointing ─────────────────────────
23:41:35 | INFO  | manager.py  |   Saving checkpoints to: /home/tz/.cache/stable-pretraining/runs/20260909/234135/9241e9f868d0/checkpoints
23:41:35 | WARN  | manager.py  |   Redirecting HuggingFaceCheckpointCallback from 'hf_exports' to '/home/tz/.cache/stable-pretraining/runs/20260909/234135/9241e9f868d0/hf_exports' (cache_dir is active — prevents races on a shared cache)
23:41:35 | INFO  | manager.py  |   Added requeue checkpoint (filename='last')
23:41:35 | INFO  | utils.py    | ── LoadPath resolution ───────────────────────────
23:41:35 | INFO  | manager.py  |   in_requeue = False
23:41:35 | INFO  | manager.py  |   user ckpt_path = None
23:41:35 | INFO  | manager.py  |   user weights_only = True
23:41:35 | INFO  | manager.py  |   → no ckpt_path; training from scratch.
23:41:35 | INFO  | utils.py    | ── TrainerFit ────────────────────────────────────
23:41:35 | INFO  | manager.py  |   ckpt_path:     None
23:41:35 | INFO  | manager.py  |   weights_only:  None
23:41:35 | INFO  | utils.py    | ── SignalHandlers (before Trainer.fit() (handler installed in __init__)) ──
23:41:35 | INFO  | manager.py  |   SIGUSR1  → SIG_DFL (default OS action — terminate process)
23:41:35 | INFO  | manager.py  |   SIGUSR2  → SIG_DFL (default OS action — terminate process)
23:41:35 | INFO  | manager.py  |   SIGCONT  → SIG_DFL (default OS action — terminate process)
23:41:35 | INFO  | manager.py  |   SIGTERM  → SIG_DFL (default OS action — terminate process)
23:41:35 | INFO  | manager.py  |   → entering Trainer.fit(); lightning's _SignalConnector will now register its own handlers. SIGTERM will become _HandlersCompose([_sigterm_notifier_fn, _sigterm_handler_fn, spt._handler]); USR-sig binding from submitit is preserved (lightning skips USR registration when one already exists).
💡 Tip: For seamless cloud uploads and versioning, try installing [litmodels](https://pypi.org/project/litmodels/) to enable LitModelCheckpoint, which syncs automatically with the Lightning model registry.
You are using a CUDA device ('NVIDIA RTX 5880 Ada Generation') that has Tensor Cores. To properly utilize them, you should set `torch.set_float32_matmul_precision('medium' | 'high')` which will trade-off precision for performance. For more details, read https://pytorch.org/docs/stable/generated/torch.set_float32_matmul_precision.html#torch.set_float32_matmul_precision
23:41:35 | OK    | module.py   | ✓ dataset for fit loaded
23:41:35 | INFO  | module.py   |   setup was done by user
23:41:35 | INFO  | utils.py    | ── EnvironmentDump ───────────────────────────────
23:41:35 | INFO  | env_info.py |   log_dir: /home/tz/.cache/stable-pretraining
23:41:35 | INFO  | env_info.py |   Running environment dump in background thread (non-blocking)
23:41:35 | INFO  | env_info.py |   Collecting environment information...
23:41:35 | OK    | env_info.py | ✓ Background thread started successfully
23:41:35 | OK    | env_info.py | ✓ Python 3.10.20
23:41:35 | INFO  | trainer_inf~|   linking trainer to DataModule
23:41:35 | OK    | env_info.py | ✓ System: Linux 7.0.0-30-generic (x86_64)
23:41:35 | INFO  | utils.py    | ── Callbacks (in order) ──────────────────────────
23:41:35 | INFO  | env_info.py |   Hostname: zndx-Super-Server
23:41:35 | INFO  | utils.py    |     [ 0] SaveCkptCallback
23:41:35 | INFO  | utils.py    |     [ 1] RichProgressBar
23:41:35 | INFO  | utils.py    |     [ 2] RichModelSummary
23:41:35 | INFO  | utils.py    |     [ 3] PrintProgressBar
23:41:35 | INFO  | utils.py    |     [ 4] ModuleRegistryCallback
23:41:35 | INFO  | utils.py    |     [ 5] LoggingCallback
23:41:35 | INFO  | utils.py    |     [ 6] EnvironmentDumpCallback
23:41:35 | INFO  | utils.py    |     [ 7] TrainerInfo
23:41:35 | INFO  | utils.py    |     [ 8] SklearnCheckpoint
23:41:35 | INFO  | utils.py    |     [ 9] WandbCheckpoint
23:41:35 | INFO  | utils.py    |     [10] TrackioCheckpoint
23:41:35 | INFO  | utils.py    |     [11] SwanLabCheckpoint
23:41:35 | INFO  | utils.py    |     [12] ModuleSummary
23:41:35 | INFO  | utils.py    |     [13] SLURMInfo
23:41:35 | INFO  | utils.py    |     [14] LogUnusedParametersOnce
23:41:35 | INFO  | utils.py    |     [15] HuggingFaceCheckpointCallback
23:41:35 | INFO  | utils.py    |     [16] HardwareMonitor
23:41:35 | INFO  | utils.py    |     [17] ModelCheckpoint
23:41:35 | INFO  | utils.py    |     [18] _RunDirCallback
23:41:35 | INFO  | utils.py    |     [19] ModelCheckpoint
23:41:35 | INFO  | utils.py    |   ⚑ marks order-sensitive callbacks; see AGENTS.md → Callback ordering for the full rules.
23:41:35 | INFO  | utils.py    | ── SklearnCheckpoint ─────────────────────────────
23:41:35 | INFO  | checkpoint_~|   Sklearn Modules:
23:41:35 | INFO  | checkpoint_~| 
┏━━━━━━━━━━┳━━━━━━━━┳━━━━━━━━┓
┃ Module   ┃ Name   ┃ Type   ┃
┣━━━━━━━━━━╋━━━━━━━━╋━━━━━━━━┫
┗━━━━━━━━━━┻━━━━━━━━┻━━━━━━━━┛
23:41:35 | INFO  | utils.py    | ── WandbCheckpoint ───────────────────────────────
23:41:35 | INFO  | utils.py    | ── TrackioCheckpoint ─────────────────────────────
23:41:35 | INFO  | utils.py    | ── SwanLabCheckpoint ─────────────────────────────
23:41:35 | INFO  | utils.py    | ── PyTorch Modules ───────────────────────────────
23:41:35 | WARN  | module.py   | ! You are calling self.parameters which also gives callbacks parameters, to remove them, pass `with_callbacks=False`
23:41:35 | INFO  | trainer_inf~| \n+-----------------------------------------------------------------+----------------------+--------------------------+--------------------------+---------+
| Module                                                          | Trainable parameters | Non Trainable parameters | Uninitialized parameters | Buffers |
+-----------------------------------------------------------------+----------------------+--------------------------+--------------------------+---------+
|                                                                 |             18034478 |                        0 |                        0 |    8245 |
| callbacks_modules                                               |                    0 |                        0 |                        0 |       0 |
| callbacks_metrics                                               |                    0 |                        0 |                        0 |       0 |
| model                                                           |             18034478 |                        0 |                        0 |    8194 |
| model.encoder                                                   |              5501376 |                        0 |                        0 |       0 |
| model.encoder.embeddings                                        |               162624 |                        0 |                        0 |       0 |
| model.encoder.embeddings.patch_embeddings                       |               113088 |                        0 |                        0 |       0 |
| model.encoder.embeddings.patch_embeddings.projection            |               113088 |                        0 |                        0 |       0 |
| model.encoder.embeddings.dropout                                |                    0 |                        0 |                        0 |       0 |
| model.encoder.encoder                                           |              5338368 |                        0 |                        0 |       0 |
| model.encoder.encoder.layer                                     |              5338368 |                        0 |                        0 |       0 |
| model.encoder.encoder.layer.0                                   |               444864 |                        0 |                        0 |       0 |
| model.encoder.encoder.layer.0.attention                         |               148224 |                        0 |                        0 |       0 |
| model.encoder.encoder.layer.0.attention.attention               |               111168 |                        0 |                        0 |       0 |
| model.encoder.encoder.layer.0.attention.attention.query         |                37056 |                        0 |                        0 |       0 |
| model.encoder.encoder.layer.0.attention.attention.key           |                37056 |                        0 |                        0 |       0 |
| model.encoder.encoder.layer.0.attention.attention.value         |                37056 |                        0 |                        0 |       0 |
| model.encoder.encoder.layer.0.attention.output                  |                37056 |                        0 |                        0 |       0 |
| model.encoder.encoder.layer.0.attention.output.dense            |                37056 |                        0 |                        0 |       0 |
| model.encoder.encoder.layer.0.attention.output.dropout          |                    0 |                        0 |                        0 |       0 |
| model.encoder.encoder.layer.0.intermediate                      |               148224 |                        0 |                        0 |       0 |
| model.encoder.encoder.layer.0.intermediate.dense                |               148224 |                        0 |                        0 |       0 |
| model.encoder.encoder.layer.0.intermediate.intermediate_act_fn  |                    0 |                        0 |                        0 |       0 |
| model.encoder.encoder.layer.0.output                            |               147648 |                        0 |                        0 |       0 |
| model.encoder.encoder.layer.0.output.dense                      |               147648 |                        0 |                        0 |       0 |
| model.encoder.encoder.layer.0.output.dropout                    |                    0 |                        0 |                        0 |       0 |
| model.encoder.encoder.layer.0.layernorm_before                  |                  384 |                        0 |                        0 |       0 |
| model.encoder.encoder.layer.0.layernorm_after                   |                  384 |                        0 |                        0 |       0 |
| model.encoder.encoder.layer.1                                   |               444864 |                        0 |                        0 |       0 |
| model.encoder.encoder.layer.1.attention                         |               148224 |                        0 |                        0 |       0 |
| model.encoder.encoder.layer.1.attention.attention               |               111168 |                        0 |                        0 |       0 |
| model.encoder.encoder.layer.1.attention.attention.query         |                37056 |                        0 |                        0 |       0 |
| model.encoder.encoder.layer.1.attention.attention.key           |                37056 |                        0 |                        0 |       0 |
| model.encoder.encoder.layer.1.attention.attention.value         |                37056 |                        0 |                        0 |       0 |
| model.encoder.encoder.layer.1.attention.output                  |                37056 |                        0 |                        0 |       0 |
| model.encoder.encoder.layer.1.attention.output.dense            |                37056 |                        0 |                        0 |       0 |
| model.encoder.encoder.layer.1.attention.output.dropout          |                    0 |                        0 |                        0 |       0 |
| model.encoder.encoder.layer.1.intermediate                      |               148224 |                        0 |                        0 |       0 |
| model.encoder.encoder.layer.1.intermediate.dense                |               148224 |                        0 |                        0 |       0 |
| model.encoder.encoder.layer.1.intermediate.intermediate_act_fn  |                    0 |                        0 |                        0 |       0 |
| model.encoder.encoder.layer.1.output                            |               147648 |                        0 |                        0 |       0 |
| model.encoder.encoder.layer.1.output.dense                      |               147648 |                        0 |                        0 |       0 |
| model.encoder.encoder.layer.1.output.dropout                    |                    0 |                        0 |                        0 |       0 |
| model.encoder.encoder.layer.1.layernorm_before                  |                  384 |                        0 |                        0 |       0 |
| model.encoder.encoder.layer.1.layernorm_after                   |                  384 |                        0 |                        0 |       0 |
| model.encoder.encoder.layer.2                                   |               444864 |                        0 |                        0 |       0 |
| model.encoder.encoder.layer.2.attention                         |               148224 |                        0 |                        0 |       0 |
| model.encoder.encoder.layer.2.attention.attention               |               111168 |                        0 |                        0 |       0 |
| model.encoder.encoder.layer.2.attention.attention.query         |                37056 |                        0 |                        0 |       0 |
| model.encoder.encoder.layer.2.attention.attention.key           |                37056 |                        0 |                        0 |       0 |
| model.encoder.encoder.layer.2.attention.attention.value         |                37056 |                        0 |                        0 |       0 |
| model.encoder.encoder.layer.2.attention.output                  |                37056 |                        0 |                        0 |       0 |
| model.encoder.encoder.layer.2.attention.output.dense            |                37056 |                        0 |                        0 |       0 |
| model.encoder.encoder.layer.2.attention.output.dropout          |                    0 |                        0 |                        0 |       0 |
| model.encoder.encoder.layer.2.intermediate                      |               148224 |                        0 |                        0 |       0 |
| model.encoder.encoder.layer.2.intermediate.dense                |               148224 |                        0 |                        0 |       0 |
| model.encoder.encoder.layer.2.intermediate.intermediate_act_fn  |                    0 |                        0 |                        0 |       0 |
| model.encoder.encoder.layer.2.output                            |               147648 |                        0 |                        0 |       0 |
| model.encoder.encoder.layer.2.output.dense                      |               147648 |                        0 |                        0 |       0 |
| model.encoder.encoder.layer.2.output.dropout                    |                    0 |                        0 |                        0 |       0 |
| model.encoder.encoder.layer.2.layernorm_before                  |                  384 |                        0 |                        0 |       0 |
| model.encoder.encoder.layer.2.layernorm_after                   |                  384 |                        0 |                        0 |       0 |
| model.encoder.encoder.layer.3                                   |               444864 |                        0 |                        0 |       0 |
| model.encoder.encoder.layer.3.attention                         |               148224 |                        0 |                        0 |       0 |
| model.encoder.encoder.layer.3.attention.attention               |               111168 |                        0 |                        0 |       0 |
| model.encoder.encoder.layer.3.attention.attention.query         |                37056 |                        0 |                        0 |       0 |
| model.encoder.encoder.layer.3.attention.attention.key           |                37056 |                        0 |                        0 |       0 |
| model.encoder.encoder.layer.3.attention.attention.value         |                37056 |                        0 |                        0 |       0 |
| model.encoder.encoder.layer.3.attention.output                  |                37056 |                        0 |                        0 |       0 |
| model.encoder.encoder.layer.3.attention.output.dense            |                37056 |                        0 |                        0 |       0 |
| model.encoder.encoder.layer.3.attention.output.dropout          |                    0 |                        0 |                        0 |       0 |
| model.encoder.encoder.layer.3.intermediate                      |               148224 |                        0 |                        0 |       0 |
| model.encoder.encoder.layer.3.intermediate.dense                |               148224 |                        0 |                        0 |       0 |
| model.encoder.encoder.layer.3.intermediate.intermediate_act_fn  |                    0 |                        0 |                        0 |       0 |
| model.encoder.encoder.layer.3.output                            |               147648 |                        0 |                        0 |       0 |
| model.encoder.encoder.layer.3.output.dense                      |               147648 |                        0 |                        0 |       0 |
| model.encoder.encoder.layer.3.output.dropout                    |                    0 |                        0 |                        0 |       0 |
| model.encoder.encoder.layer.3.layernorm_before                  |                  384 |                        0 |                        0 |       0 |
| model.encoder.encoder.layer.3.layernorm_after                   |                  384 |                        0 |                        0 |       0 |
| model.encoder.encoder.layer.4                                   |               444864 |                        0 |                        0 |       0 |
| model.encoder.encoder.layer.4.attention                         |               148224 |                        0 |                        0 |       0 |
| model.encoder.encoder.layer.4.attention.attention               |               111168 |                        0 |                        0 |       0 |
| model.encoder.encoder.layer.4.attention.attention.query         |                37056 |                        0 |                        0 |       0 |
| model.encoder.encoder.layer.4.attention.attention.key           |                37056 |                        0 |                        0 |       0 |
| model.encoder.encoder.layer.4.attention.attention.value         |                37056 |                        0 |                        0 |       0 |
| model.encoder.encoder.layer.4.attention.output                  |                37056 |                        0 |                        0 |       0 |
| model.encoder.encoder.layer.4.attention.output.dense            |                37056 |                        0 |                        0 |       0 |
| model.encoder.encoder.layer.4.attention.output.dropout          |                    0 |                        0 |                        0 |       0 |
| model.encoder.encoder.layer.4.intermediate                      |               148224 |                        0 |                        0 |       0 |
| model.encoder.encoder.layer.4.intermediate.dense                |               148224 |                        0 |                        0 |       0 |
| model.encoder.encoder.layer.4.intermediate.intermediate_act_fn  |                    0 |                        0 |                        0 |       0 |
| model.encoder.encoder.layer.4.output                            |               147648 |                        0 |                        0 |       0 |
| model.encoder.encoder.layer.4.output.dense                      |               147648 |                        0 |                        0 |       0 |
| model.encoder.encoder.layer.4.output.dropout                    |                    0 |                        0 |                        0 |       0 |
| model.encoder.encoder.layer.4.layernorm_before                  |                  384 |                        0 |                        0 |       0 |
| model.encoder.encoder.layer.4.layernorm_after                   |                  384 |                        0 |                        0 |       0 |
| model.encoder.encoder.layer.5                                   |               444864 |                        0 |                        0 |       0 |
| model.encoder.encoder.layer.5.attention                         |               148224 |                        0 |                        0 |       0 |
| model.encoder.encoder.layer.5.attention.attention               |               111168 |                        0 |                        0 |       0 |
| model.encoder.encoder.layer.5.attention.attention.query         |                37056 |                        0 |                        0 |       0 |
| model.encoder.encoder.layer.5.attention.attention.key           |                37056 |                        0 |                        0 |       0 |
| model.encoder.encoder.layer.5.attention.attention.value         |                37056 |                        0 |                        0 |       0 |
| model.encoder.encoder.layer.5.attention.output                  |                37056 |                        0 |                        0 |       0 |
| model.encoder.encoder.layer.5.attention.output.dense            |                37056 |                        0 |                        0 |       0 |
| model.encoder.encoder.layer.5.attention.output.dropout          |                    0 |                        0 |                        0 |       0 |
| model.encoder.encoder.layer.5.intermediate                      |               148224 |                        0 |                        0 |       0 |
| model.encoder.encoder.layer.5.intermediate.dense                |               148224 |                        0 |                        0 |       0 |
| model.encoder.encoder.layer.5.intermediate.intermediate_act_fn  |                    0 |                        0 |                        0 |       0 |
| model.encoder.encoder.layer.5.output                            |               147648 |                        0 |                        0 |       0 |
| model.encoder.encoder.layer.5.output.dense                      |               147648 |                        0 |                        0 |       0 |
| model.encoder.encoder.layer.5.output.dropout                    |                    0 |                        0 |                        0 |       0 |
| model.encoder.encoder.layer.5.layernorm_before                  |                  384 |                        0 |                        0 |       0 |
| model.encoder.encoder.layer.5.layernorm_after                   |                  384 |                        0 |                        0 |       0 |
| model.encoder.encoder.layer.6                                   |               444864 |                        0 |                        0 |       0 |
| model.encoder.encoder.layer.6.attention                         |               148224 |                        0 |                        0 |       0 |
| model.encoder.encoder.layer.6.attention.attention               |               111168 |                        0 |                        0 |       0 |
| model.encoder.encoder.layer.6.attention.attention.query         |                37056 |                        0 |                        0 |       0 |
| model.encoder.encoder.layer.6.attention.attention.key           |                37056 |                        0 |                        0 |       0 |
| model.encoder.encoder.layer.6.attention.attention.value         |                37056 |                        0 |                        0 |       0 |
| model.encoder.encoder.layer.6.attention.output                  |                37056 |                        0 |                        0 |       0 |
| model.encoder.encoder.layer.6.attention.output.dense            |                37056 |                        0 |                        0 |       0 |
| model.encoder.encoder.layer.6.attention.output.dropout          |                    0 |                        0 |                        0 |       0 |
| model.encoder.encoder.layer.6.intermediate                      |               148224 |                        0 |                        0 |       0 |
| model.encoder.encoder.layer.6.intermediate.dense                |               148224 |                        0 |                        0 |       0 |
| model.encoder.encoder.layer.6.intermediate.intermediate_act_fn  |                    0 |                        0 |                        0 |       0 |
| model.encoder.encoder.layer.6.output                            |               147648 |                        0 |                        0 |       0 |
| model.encoder.encoder.layer.6.output.dense                      |               147648 |                        0 |                        0 |       0 |
| model.encoder.encoder.layer.6.output.dropout                    |                    0 |                        0 |                        0 |       0 |
| model.encoder.encoder.layer.6.layernorm_before                  |                  384 |                        0 |                        0 |       0 |
| model.encoder.encoder.layer.6.layernorm_after                   |                  384 |                        0 |                        0 |       0 |
| model.encoder.encoder.layer.7                                   |               444864 |                        0 |                        0 |       0 |
| model.encoder.encoder.layer.7.attention                         |               148224 |                        0 |                        0 |       0 |
| model.encoder.encoder.layer.7.attention.attention               |               111168 |                        0 |                        0 |       0 |
| model.encoder.encoder.layer.7.attention.attention.query         |                37056 |                        0 |                        0 |       0 |
| model.encoder.encoder.layer.7.attention.attention.key           |                37056 |                        0 |                        0 |       0 |
| model.encoder.encoder.layer.7.attention.attention.value         |                37056 |                        0 |                        0 |       0 |
| model.encoder.encoder.layer.7.attention.output                  |                37056 |                        0 |                        0 |       0 |
| model.encoder.encoder.layer.7.attention.output.dense            |                37056 |                        0 |                        0 |       0 |
| model.encoder.encoder.layer.7.attention.output.dropout          |                    0 |                        0 |                        0 |       0 |
| model.encoder.encoder.layer.7.intermediate                      |               148224 |                        0 |                        0 |       0 |
| model.encoder.encoder.layer.7.intermediate.dense                |               148224 |                        0 |                        0 |       0 |
| model.encoder.encoder.layer.7.intermediate.intermediate_act_fn  |                    0 |                        0 |                        0 |       0 |
| model.encoder.encoder.layer.7.output                            |               147648 |                        0 |                        0 |       0 |
| model.encoder.encoder.layer.7.output.dense                      |               147648 |                        0 |                        0 |       0 |
| model.encoder.encoder.layer.7.output.dropout                    |                    0 |                        0 |                        0 |       0 |
| model.encoder.encoder.layer.7.layernorm_before                  |                  384 |                        0 |                        0 |       0 |
| model.encoder.encoder.layer.7.layernorm_after                   |                  384 |                        0 |                        0 |       0 |
| model.encoder.encoder.layer.8                                   |               444864 |                        0 |                        0 |       0 |
| model.encoder.encoder.layer.8.attention                         |               148224 |                        0 |                        0 |       0 |
| model.encoder.encoder.layer.8.attention.attention               |               111168 |                        0 |                        0 |       0 |
| model.encoder.encoder.layer.8.attention.attention.query         |                37056 |                        0 |                        0 |       0 |
| model.encoder.encoder.layer.8.attention.attention.key           |                37056 |                        0 |                        0 |       0 |
| model.encoder.encoder.layer.8.attention.attention.value         |                37056 |                        0 |                        0 |       0 |
| model.encoder.encoder.layer.8.attention.output                  |                37056 |                        0 |                        0 |       0 |
| model.encoder.encoder.layer.8.attention.output.dense            |                37056 |                        0 |                        0 |       0 |
| model.encoder.encoder.layer.8.attention.output.dropout          |                    0 |                        0 |                        0 |       0 |
| model.encoder.encoder.layer.8.intermediate                      |               148224 |                        0 |                        0 |       0 |
| model.encoder.encoder.layer.8.intermediate.dense                |               148224 |                        0 |                        0 |       0 |
| model.encoder.encoder.layer.8.intermediate.intermediate_act_fn  |                    0 |                        0 |                        0 |       0 |
| model.encoder.encoder.layer.8.output                            |               147648 |                        0 |                        0 |       0 |
| model.encoder.encoder.layer.8.output.dense                      |               147648 |                        0 |                        0 |       0 |
| model.encoder.encoder.layer.8.output.dropout                    |                    0 |                        0 |                        0 |       0 |
| model.encoder.encoder.layer.8.layernorm_before                  |                  384 |                        0 |                        0 |       0 |
| model.encoder.encoder.layer.8.layernorm_after                   |                  384 |                        0 |                        0 |       0 |
| model.encoder.encoder.layer.9                                   |               444864 |                        0 |                        0 |       0 |
| model.encoder.encoder.layer.9.attention                         |               148224 |                        0 |                        0 |       0 |
| model.encoder.encoder.layer.9.attention.attention               |               111168 |                        0 |                        0 |       0 |
| model.encoder.encoder.layer.9.attention.attention.query         |                37056 |                        0 |                        0 |       0 |
| model.encoder.encoder.layer.9.attention.attention.key           |                37056 |                        0 |                        0 |       0 |
| model.encoder.encoder.layer.9.attention.attention.value         |                37056 |                        0 |                        0 |       0 |
| model.encoder.encoder.layer.9.attention.output                  |                37056 |                        0 |                        0 |       0 |
| model.encoder.encoder.layer.9.attention.output.dense            |                37056 |                        0 |                        0 |       0 |
| model.encoder.encoder.layer.9.attention.output.dropout          |                    0 |                        0 |                        0 |       0 |
| model.encoder.encoder.layer.9.intermediate                      |               148224 |                        0 |                        0 |       0 |
| model.encoder.encoder.layer.9.intermediate.dense                |               148224 |                        0 |                        0 |       0 |
| model.encoder.encoder.layer.9.intermediate.intermediate_act_fn  |                    0 |                        0 |                        0 |       0 |
| model.encoder.encoder.layer.9.output                            |               147648 |                        0 |                        0 |       0 |
| model.encoder.encoder.layer.9.output.dense                      |               147648 |                        0 |                        0 |       0 |
| model.encoder.encoder.layer.9.output.dropout                    |                    0 |                        0 |                        0 |       0 |
| model.encoder.encoder.layer.9.layernorm_before                  |                  384 |                        0 |                        0 |       0 |
| model.encoder.encoder.layer.9.layernorm_after                   |                  384 |                        0 |                        0 |       0 |
| model.encoder.encoder.layer.10                                  |               444864 |                        0 |                        0 |       0 |
| model.encoder.encoder.layer.10.attention                        |               148224 |                        0 |                        0 |       0 |
| model.encoder.encoder.layer.10.attention.attention              |               111168 |                        0 |                        0 |       0 |
| model.encoder.encoder.layer.10.attention.attention.query        |                37056 |                        0 |                        0 |       0 |
| model.encoder.encoder.layer.10.attention.attention.key          |                37056 |                        0 |                        0 |       0 |
| model.encoder.encoder.layer.10.attention.attention.value        |                37056 |                        0 |                        0 |       0 |
| model.encoder.encoder.layer.10.attention.output                 |                37056 |                        0 |                        0 |       0 |
| model.encoder.encoder.layer.10.attention.output.dense           |                37056 |                        0 |                        0 |       0 |
| model.encoder.encoder.layer.10.attention.output.dropout         |                    0 |                        0 |                        0 |       0 |
| model.encoder.encoder.layer.10.intermediate                     |               148224 |                        0 |                        0 |       0 |
| model.encoder.encoder.layer.10.intermediate.dense               |               148224 |                        0 |                        0 |       0 |
| model.encoder.encoder.layer.10.intermediate.intermediate_act_fn |                    0 |                        0 |                        0 |       0 |
| model.encoder.encoder.layer.10.output                           |               147648 |                        0 |                        0 |       0 |
| model.encoder.encoder.layer.10.output.dense                     |               147648 |                        0 |                        0 |       0 |
| model.encoder.encoder.layer.10.output.dropout                   |                    0 |                        0 |                        0 |       0 |
| model.encoder.encoder.layer.10.layernorm_before                 |                  384 |                        0 |                        0 |       0 |
| model.encoder.encoder.layer.10.layernorm_after                  |                  384 |                        0 |                        0 |       0 |
| model.encoder.encoder.layer.11                                  |               444864 |                        0 |                        0 |       0 |
| model.encoder.encoder.layer.11.attention                        |               148224 |                        0 |                        0 |       0 |
| model.encoder.encoder.layer.11.attention.attention              |               111168 |                        0 |                        0 |       0 |
| model.encoder.encoder.layer.11.attention.attention.query        |                37056 |                        0 |                        0 |       0 |
| model.encoder.encoder.layer.11.attention.attention.key          |                37056 |                        0 |                        0 |       0 |
| model.encoder.encoder.layer.11.attention.attention.value        |                37056 |                        0 |                        0 |       0 |
| model.encoder.encoder.layer.11.attention.output                 |                37056 |                        0 |                        0 |       0 |
| model.encoder.encoder.layer.11.attention.output.dense           |                37056 |                        0 |                        0 |       0 |
| model.encoder.encoder.layer.11.attention.output.dropout         |                    0 |                        0 |                        0 |       0 |
| model.encoder.encoder.layer.11.intermediate                     |               148224 |                        0 |                        0 |       0 |
| model.encoder.encoder.layer.11.intermediate.dense               |               148224 |                        0 |                        0 |       0 |
| model.encoder.encoder.layer.11.intermediate.intermediate_act_fn |                    0 |                        0 |                        0 |       0 |
| model.encoder.encoder.layer.11.output                           |               147648 |                        0 |                        0 |       0 |
| model.encoder.encoder.layer.11.output.dense                     |               147648 |                        0 |                        0 |       0 |
| model.encoder.encoder.layer.11.output.dropout                   |                    0 |                        0 |                        0 |       0 |
| model.encoder.encoder.layer.11.layernorm_before                 |                  384 |                        0 |                        0 |       0 |
| model.encoder.encoder.layer.11.layernorm_after                  |                  384 |                        0 |                        0 |       0 |
| model.encoder.layernorm                                         |                  384 |                        0 |                        0 |       0 |
| model.predictor                                                 |             10791360 |                        0 |                        0 |       0 |
| model.predictor.dropout                                         |                    0 |                        0 |                        0 |       0 |
| model.predictor.transformer                                     |             10790784 |                        0 |                        0 |       0 |
| model.predictor.transformer.norm                                |                  384 |                        0 |                        0 |       0 |
| model.predictor.transformer.layers                              |             10790400 |                        0 |                        0 |       0 |
| model.predictor.transformer.layers.0                            |              1798400 |                        0 |                        0 |       0 |
| model.predictor.transformer.layers.0.attn                       |               787008 |                        0 |                        0 |       0 |
| model.predictor.transformer.layers.0.attn.norm                  |                  384 |                        0 |                        0 |       0 |
| model.predictor.transformer.layers.0.attn.attend                |                    0 |                        0 |                        0 |       0 |
| model.predictor.transformer.layers.0.attn.to_qkv                |               589824 |                        0 |                        0 |       0 |
| model.predictor.transformer.layers.0.attn.to_out                |               196800 |                        0 |                        0 |       0 |
| model.predictor.transformer.layers.0.attn.to_out.0              |               196800 |                        0 |                        0 |       0 |
| model.predictor.transformer.layers.0.attn.to_out.1              |                    0 |                        0 |                        0 |       0 |
| model.predictor.transformer.layers.0.mlp                        |               789056 |                        0 |                        0 |       0 |
| model.predictor.transformer.layers.0.mlp.net                    |               789056 |                        0 |                        0 |       0 |
| model.predictor.transformer.layers.0.mlp.net.0                  |                  384 |                        0 |                        0 |       0 |
| model.predictor.transformer.layers.0.mlp.net.1                  |               395264 |                        0 |                        0 |       0 |
| model.predictor.transformer.layers.0.mlp.net.2                  |                    0 |                        0 |                        0 |       0 |
| model.predictor.transformer.layers.0.mlp.net.3                  |                    0 |                        0 |                        0 |       0 |
| model.predictor.transformer.layers.0.mlp.net.4                  |               393408 |                        0 |                        0 |       0 |
| model.predictor.transformer.layers.0.mlp.net.5                  |                    0 |                        0 |                        0 |       0 |
| model.predictor.transformer.layers.0.norm1                      |                    0 |                        0 |                        0 |       0 |
| model.predictor.transformer.layers.0.norm2                      |                    0 |                        0 |                        0 |       0 |
| model.predictor.transformer.layers.0.adaLN_modulation           |               222336 |                        0 |                        0 |       0 |
| model.predictor.transformer.layers.0.adaLN_modulation.0         |                    0 |                        0 |                        0 |       0 |
| model.predictor.transformer.layers.0.adaLN_modulation.1         |               222336 |                        0 |                        0 |       0 |
| model.predictor.transformer.layers.1                            |              1798400 |                        0 |                        0 |       0 |
| model.predictor.transformer.layers.1.attn                       |               787008 |                        0 |                        0 |       0 |
| model.predictor.transformer.layers.1.attn.norm                  |                  384 |                        0 |                        0 |       0 |
| model.predictor.transformer.layers.1.attn.attend                |                    0 |                        0 |                        0 |       0 |
| model.predictor.transformer.layers.1.attn.to_qkv                |               589824 |                        0 |                        0 |       0 |
| model.predictor.transformer.layers.1.attn.to_out                |               196800 |                        0 |                        0 |       0 |
| model.predictor.transformer.layers.1.attn.to_out.0              |               196800 |                        0 |                        0 |       0 |
| model.predictor.transformer.layers.1.attn.to_out.1              |                    0 |                        0 |                        0 |       0 |
| model.predictor.transformer.layers.1.mlp                        |               789056 |                        0 |                        0 |       0 |
| model.predictor.transformer.layers.1.mlp.net                    |               789056 |                        0 |                        0 |       0 |
| model.predictor.transformer.layers.1.mlp.net.0                  |                  384 |                        0 |                        0 |       0 |
| model.predictor.transformer.layers.1.mlp.net.1                  |               395264 |                        0 |                        0 |       0 |
| model.predictor.transformer.layers.1.mlp.net.2                  |                    0 |                        0 |                        0 |       0 |
| model.predictor.transformer.layers.1.mlp.net.3                  |                    0 |                        0 |                        0 |       0 |
| model.predictor.transformer.layers.1.mlp.net.4                  |               393408 |                        0 |                        0 |       0 |
| model.predictor.transformer.layers.1.mlp.net.5                  |                    0 |                        0 |                        0 |       0 |
| model.predictor.transformer.layers.1.norm1                      |                    0 |                        0 |                        0 |       0 |
| model.predictor.transformer.layers.1.norm2                      |                    0 |                        0 |                        0 |       0 |
| model.predictor.transformer.layers.1.adaLN_modulation           |               222336 |                        0 |                        0 |       0 |
| model.predictor.transformer.layers.1.adaLN_modulation.0         |                    0 |                        0 |                        0 |       0 |
| model.predictor.transformer.layers.1.adaLN_modulation.1         |               222336 |                        0 |                        0 |       0 |
| model.predictor.transformer.layers.2                            |              1798400 |                        0 |                        0 |       0 |
| model.predictor.transformer.layers.2.attn                       |               787008 |                        0 |                        0 |       0 |
| model.predictor.transformer.layers.2.attn.norm                  |                  384 |                        0 |                        0 |       0 |
| model.predictor.transformer.layers.2.attn.attend                |                    0 |                        0 |                        0 |       0 |
| model.predictor.transformer.layers.2.attn.to_qkv                |               589824 |                        0 |                        0 |       0 |
| model.predictor.transformer.layers.2.attn.to_out                |               196800 |                        0 |                        0 |       0 |
| model.predictor.transformer.layers.2.attn.to_out.0              |               196800 |                        0 |                        0 |       0 |
| model.predictor.transformer.layers.2.attn.to_out.1              |                    0 |                        0 |                        0 |       0 |
| model.predictor.transformer.layers.2.mlp                        |               789056 |                        0 |                        0 |       0 |
| model.predictor.transformer.layers.2.mlp.net                    |               789056 |                        0 |                        0 |       0 |
| model.predictor.transformer.layers.2.mlp.net.0                  |                  384 |                        0 |                        0 |       0 |
| model.predictor.transformer.layers.2.mlp.net.1                  |               395264 |                        0 |                        0 |       0 |
| model.predictor.transformer.layers.2.mlp.net.2                  |                    0 |                        0 |                        0 |       0 |
| model.predictor.transformer.layers.2.mlp.net.3                  |                    0 |                        0 |                        0 |       0 |
| model.predictor.transformer.layers.2.mlp.net.4                  |               393408 |                        0 |                        0 |       0 |
| model.predictor.transformer.layers.2.mlp.net.5                  |                    0 |                        0 |                        0 |       0 |
| model.predictor.transformer.layers.2.norm1                      |                    0 |                        0 |                        0 |       0 |
| model.predictor.transformer.layers.2.norm2                      |                    0 |                        0 |                        0 |       0 |
| model.predictor.transformer.layers.2.adaLN_modulation           |               222336 |                        0 |                        0 |       0 |
| model.predictor.transformer.layers.2.adaLN_modulation.0         |                    0 |                        0 |                        0 |       0 |
| model.predictor.transformer.layers.2.adaLN_modulation.1         |               222336 |                        0 |                        0 |       0 |
| model.predictor.transformer.layers.3                            |              1798400 |                        0 |                        0 |       0 |
| model.predictor.transformer.layers.3.attn                       |               787008 |                        0 |                        0 |       0 |
| model.predictor.transformer.layers.3.attn.norm                  |                  384 |                        0 |                        0 |       0 |
| model.predictor.transformer.layers.3.attn.attend                |                    0 |                        0 |                        0 |       0 |
| model.predictor.transformer.layers.3.attn.to_qkv                |               589824 |                        0 |                        0 |       0 |
| model.predictor.transformer.layers.3.attn.to_out                |               196800 |                        0 |                        0 |       0 |
| model.predictor.transformer.layers.3.attn.to_out.0              |               196800 |                        0 |                        0 |       0 |
| model.predictor.transformer.layers.3.attn.to_out.1              |                    0 |                        0 |                        0 |       0 |
| model.predictor.transformer.layers.3.mlp                        |               789056 |                        0 |                        0 |       0 |
| model.predictor.transformer.layers.3.mlp.net                    |               789056 |                        0 |                        0 |       0 |
| model.predictor.transformer.layers.3.mlp.net.0                  |                  384 |                        0 |                        0 |       0 |
| model.predictor.transformer.layers.3.mlp.net.1                  |               395264 |                        0 |                        0 |       0 |
| model.predictor.transformer.layers.3.mlp.net.2                  |                    0 |                        0 |                        0 |       0 |
| model.predictor.transformer.layers.3.mlp.net.3                  |                    0 |                        0 |                        0 |       0 |
| model.predictor.transformer.layers.3.mlp.net.4                  |               393408 |                        0 |                        0 |       0 |
| model.predictor.transformer.layers.3.mlp.net.5                  |                    0 |                        0 |                        0 |       0 |
| model.predictor.transformer.layers.3.norm1                      |                    0 |                        0 |                        0 |       0 |
| model.predictor.transformer.layers.3.norm2                      |                    0 |                        0 |                        0 |       0 |
| model.predictor.transformer.layers.3.adaLN_modulation           |               222336 |                        0 |                        0 |       0 |
| model.predictor.transformer.layers.3.adaLN_modulation.0         |                    0 |                        0 |                        0 |       0 |
| model.predictor.transformer.layers.3.adaLN_modulation.1         |               222336 |                        0 |                        0 |       0 |
| model.predictor.transformer.layers.4                            |              1798400 |                        0 |                        0 |       0 |
| model.predictor.transformer.layers.4.attn                       |               787008 |                        0 |                        0 |       0 |
| model.predictor.transformer.layers.4.attn.norm                  |                  384 |                        0 |                        0 |       0 |
| model.predictor.transformer.layers.4.attn.attend                |                    0 |                        0 |                        0 |       0 |
| model.predictor.transformer.layers.4.attn.to_qkv                |               589824 |                        0 |                        0 |       0 |
| model.predictor.transformer.layers.4.attn.to_out                |               196800 |                        0 |                        0 |       0 |
| model.predictor.transformer.layers.4.attn.to_out.0              |               196800 |                        0 |                        0 |       0 |
| model.predictor.transformer.layers.4.attn.to_out.1              |                    0 |                        0 |                        0 |       0 |
| model.predictor.transformer.layers.4.mlp                        |               789056 |                        0 |                        0 |       0 |
| model.predictor.transformer.layers.4.mlp.net                    |               789056 |                        0 |                        0 |       0 |
| model.predictor.transformer.layers.4.mlp.net.0                  |                  384 |                        0 |                        0 |       0 |
| model.predictor.transformer.layers.4.mlp.net.1                  |               395264 |                        0 |                        0 |       0 |
| model.predictor.transformer.layers.4.mlp.net.2                  |                    0 |                        0 |                        0 |       0 |
| model.predictor.transformer.layers.4.mlp.net.3                  |                    0 |                        0 |                        0 |       0 |
| model.predictor.transformer.layers.4.mlp.net.4                  |               393408 |                        0 |                        0 |       0 |
| model.predictor.transformer.layers.4.mlp.net.5                  |                    0 |                        0 |                        0 |       0 |
| model.predictor.transformer.layers.4.norm1                      |                    0 |                        0 |                        0 |       0 |
| model.predictor.transformer.layers.4.norm2                      |                    0 |                        0 |                        0 |       0 |
| model.predictor.transformer.layers.4.adaLN_modulation           |               222336 |                        0 |                        0 |       0 |
| model.predictor.transformer.layers.4.adaLN_modulation.0         |                    0 |                        0 |                        0 |       0 |
| model.predictor.transformer.layers.4.adaLN_modulation.1         |               222336 |                        0 |                        0 |       0 |
| model.predictor.transformer.layers.5                            |              1798400 |                        0 |                        0 |       0 |
| model.predictor.transformer.layers.5.attn                       |               787008 |                        0 |                        0 |       0 |
| model.predictor.transformer.layers.5.attn.norm                  |                  384 |                        0 |                        0 |       0 |
| model.predictor.transformer.layers.5.attn.attend                |                    0 |                        0 |                        0 |       0 |
| model.predictor.transformer.layers.5.attn.to_qkv                |               589824 |                        0 |                        0 |       0 |
| model.predictor.transformer.layers.5.attn.to_out                |               196800 |                        0 |                        0 |       0 |
| model.predictor.transformer.layers.5.attn.to_out.0              |               196800 |                        0 |                        0 |       0 |
| model.predictor.transformer.layers.5.attn.to_out.1              |                    0 |                        0 |                        0 |       0 |
| model.predictor.transformer.layers.5.mlp                        |               789056 |                        0 |                        0 |       0 |
| model.predictor.transformer.layers.5.mlp.net                    |               789056 |                        0 |                        0 |       0 |
| model.predictor.transformer.layers.5.mlp.net.0                  |                  384 |                        0 |                        0 |       0 |
| model.predictor.transformer.layers.5.mlp.net.1                  |               395264 |                        0 |                        0 |       0 |
| model.predictor.transformer.layers.5.mlp.net.2                  |                    0 |                        0 |                        0 |       0 |
| model.predictor.transformer.layers.5.mlp.net.3                  |                    0 |                        0 |                        0 |       0 |
| model.predictor.transformer.layers.5.mlp.net.4                  |               393408 |                        0 |                        0 |       0 |
| model.predictor.transformer.layers.5.mlp.net.5                  |                    0 |                        0 |                        0 |       0 |
| model.predictor.transformer.layers.5.norm1                      |                    0 |                        0 |                        0 |       0 |
| model.predictor.transformer.layers.5.norm2                      |                    0 |                        0 |                        0 |       0 |
| model.predictor.transformer.layers.5.adaLN_modulation           |               222336 |                        0 |                        0 |       0 |
| model.predictor.transformer.layers.5.adaLN_modulation.0         |                    0 |                        0 |                        0 |       0 |
| model.predictor.transformer.layers.5.adaLN_modulation.1         |               222336 |                        0 |                        0 |       0 |
| model.predictor.transformer.input_proj                          |                    0 |                        0 |                        0 |       0 |
| model.predictor.transformer.cond_proj                           |                    0 |                        0 |                        0 |       0 |
| model.predictor.transformer.output_proj                         |                    0 |                        0 |                        0 |       0 |
| model.action_encoder                                            |               156206 |                        0 |                        0 |       0 |
| model.action_encoder.patch_embed                                |                  110 |                        0 |                        0 |       0 |
| model.action_encoder.embed                                      |               156096 |                        0 |                        0 |       0 |
| model.action_encoder.embed.0                                    |                 8448 |                        0 |                        0 |       0 |
| model.action_encoder.embed.1                                    |                    0 |                        0 |                        0 |       0 |
| model.action_encoder.embed.2                                    |               147648 |                        0 |                        0 |       0 |
| model.projector                                                 |               792768 |                        0 |                        0 |    4097 |
| model.projector.net                                             |               792768 |                        0 |                        0 |    4097 |
| model.projector.net.0                                           |               395264 |                        0 |                        0 |       0 |
| model.projector.net.1                                           |                 4096 |                        0 |                        0 |    4097 |
| model.projector.net.2                                           |                    0 |                        0 |                        0 |       0 |
| model.projector.net.3                                           |               393408 |                        0 |                        0 |       0 |
| model.pred_proj                                                 |               792768 |                        0 |                        0 |    4097 |
| model.pred_proj.net                                             |               792768 |                        0 |                        0 |    4097 |
| model.pred_proj.net.0                                           |               395264 |                        0 |                        0 |       0 |
| model.pred_proj.net.1                                           |                 4096 |                        0 |                        0 |    4097 |
| model.pred_proj.net.2                                           |                    0 |                        0 |                        0 |       0 |
| model.pred_proj.net.3                                           |               393408 |                        0 |                        0 |       0 |
| sigreg                                                          |                    0 |                        0 |                        0 |      51 |
+-----------------------------------------------------------------+----------------------+--------------------------+--------------------------+---------+
23:41:35 | INFO  | utils.py    | ── SLURM ─────────────────────────────────────────
23:41:35 | INFO  | trainer_inf~|   Job ID: N/A
23:41:35 | INFO  | trainer_inf~|   Task ID: N/A
23:41:35 | INFO  | trainer_inf~|   Job Name: N/A
23:41:35 | INFO  | trainer_inf~|   Nodes: N/A
23:41:35 | INFO  | trainer_inf~|   Tasks: N/A
23:41:35 | INFO  | trainer_inf~|   CPUs per node: N/A
23:41:35 | INFO  | trainer_inf~|   CPUs per task: N/A
23:41:35 | INFO  | trainer_inf~|   Memory per node: N/A
23:41:35 | INFO  | trainer_inf~|   Memory per CPU: N/A
23:41:35 | INFO  | trainer_inf~|   Time limit: N/A
23:41:35 | INFO  | trainer_inf~|   Partition: N/A
23:41:35 | INFO  | trainer_inf~|   Node List: N/A
23:41:35 | INFO  | trainer_inf~|   Submit Directory: N/A
23:41:35 | INFO  | utils.py    | ── HardwareMonitor ───────────────────────────────
23:41:35 | INFO  | hardware_mo~|   interval: 10.0s
23:41:35 | INFO  | hardware_mo~|   prefix:   'hardware/'
23:41:35 | INFO  | hardware_mo~|   metrics:  cpu=True ram=True disk=True net=True gpu=True
23:41:35 | INFO  | hardware_mo~|   per-rank: rank 0 only
LOCAL_RANK: 0 - CUDA_VISIBLE_DEVICES: [0]
23:41:35 | WARN  | hardware_mo~| HardwareMonitor: pynvml unavailable (ModuleNotFoundError("No module named 'pynvml'")); GPU metrics disabled.
23:41:35 | WARN  | env_info.py | ! pip freeze failed: Command '['/home/tz/workspace/WAM/le-wm/.venv/bin/python', '-m', 'pip', 'freeze']' returned non-zero exit status 1.
23:41:35 | OK    | env_info.py | ✓ Packages: 0 packages collected in 0.04s
23:41:35 | INFO  | utils.py    | ── Optimizers ────────────────────────────────────
23:41:35 | INFO  | module.py   |   Optimizer specified by Dict with keys ['model_opt']
23:41:35 | INFO  | module.py   | 
┏━━━━━━━━━━━━━┳━━━━━━━━━━━┳━━━━━━━━━━━━━━━━━━━┳━━━━━━━━━━━━━━━━━┳━━━━━━━━━━━━━━━━┳━━━━━━━━━━━━━━━━━━━━━━━━┓
┃ Optimizer   ┃ Pattern   ┃   Matched Modules ┃   Param Tensors ┃   Total Params ┃   RequiresGrad Tensors ┃
┣━━━━━━━━━━━━━╋━━━━━━━━━━━╋━━━━━━━━━━━━━━━━━━━╋━━━━━━━━━━━━━━━━━╋━━━━━━━━━━━━━━━━╋━━━━━━━━━━━━━━━━━━━━━━━━┫
┃ model_opt   ┃ model     ┃               365 ┃             297 ┃       18034478 ┃                    297 ┃
┗━━━━━━━━━━━━━┻━━━━━━━━━━━┻━━━━━━━━━━━━━━━━━━━┻━━━━━━━━━━━━━━━━━┻━━━━━━━━━━━━━━━━┻━━━━━━━━━━━━━━━━━━━━━━━━┛
23:41:35 | INFO  | lr_schedule~| 	User provided a dict
Loading `train_dataloader` to estimate number of stepping batches.
/home/tz/workspace/WAM/le-wm/.venv/lib/python3.10/site-packages/lightning/pytorch/utilities/_pytree.py:21: `isinstance(treespec, LeafSpec)` is deprecated, use `isinstance(treespec, TreeSpec) and treespec.is_leaf()` instead.
23:41:35 | OK    | env_info.py | ✓ NVIDIA Driver: 595.84
23:41:35 | OK    | env_info.py | ✓ Git: main @ 8edfeb33
23:41:35 | INFO  | env_info.py |   Remote: https://github.com/lucas-maes/le-wm.git
23:41:35 | WARN  | env_info.py | ! Working directory has uncommitted changes
23:41:35 | OK    | env_info.py | ✓ Environment: 3 relevant variables captured
23:41:35 | INFO  | env_info.py |   Serializing environment data...
23:41:35 | INFO  | env_info.py |   File exists, using version 8: environment_v8.json
23:41:35 | INFO  | env_info.py |   File exists, using version 8: requirements_frozen_v8.txt
23:41:35 | INFO  | env_info.py |   Save directory: /home/tz/.cache/stable-pretraining
23:41:35 | INFO  | env_info.py |   Writing environment to temp file...
23:41:35 | INFO  | env_info.py |   Moving to: environment_v8.json
23:41:35 | OK    | env_info.py | ✓ Environment file saved (2.5 KB)
23:41:35 | OK    | env_info.py | ✓ Requirements file saved (0.1 KB)
/home/tz/workspace/WAM/le-wm/.venv/lib/python3.10/site-packages/lance/__init__.py:359: UserWarning: lance is not fork-safe. If you are using multiprocessing, use spawn or forkserver instead.
  warnings.warn(
/home/tz/.local/share/uv/python/cpython-3.10-linux-x86_64-gnu/lib/python3.10/multiprocessing/popen_fork.py:66: RuntimeWarning: lancedb fork support is experimental: the internal async runtime has been reset in the forked child, but a small chance of deadlock remains if other state was mid-operation at fork time. The 'forkserver' or 'spawn' multiprocessing start method is likely a safer alternative.
  self.pid = os.fork()
/home/tz/.local/share/uv/python/cpython-3.10-linux-x86_64-gnu/lib/python3.10/multiprocessing/popen_fork.py:66: RuntimeWarning: lancedb fork support is experimental: the internal async runtime has been reset in the forked child, but a small chance of deadlock remains if other state was mid-operation at fork time. The 'forkserver' or 'spawn' multiprocessing start method is likely a safer alternative.
  self.pid = os.fork()
/home/tz/.local/share/uv/python/cpython-3.10-linux-x86_64-gnu/lib/python3.10/multiprocessing/popen_fork.py:66: RuntimeWarning: lancedb fork support is experimental: the internal async runtime has been reset in the forked child, but a small chance of deadlock remains if other state was mid-operation at fork time. The 'forkserver' or 'spawn' multiprocessing start method is likely a safer alternative.
  self.pid = os.fork()
/home/tz/.local/share/uv/python/cpython-3.10-linux-x86_64-gnu/lib/python3.10/multiprocessing/popen_fork.py:66: RuntimeWarning: lancedb fork support is experimental: the internal async runtime has been reset in the forked child, but a small chance of deadlock remains if other state was mid-operation at fork time. The 'forkserver' or 'spawn' multiprocessing start method is likely a safer alternative.
  self.pid = os.fork()
/home/tz/.local/share/uv/python/cpython-3.10-linux-x86_64-gnu/lib/python3.10/multiprocessing/popen_fork.py:66: RuntimeWarning: lancedb fork support is experimental: the internal async runtime has been reset in the forked child, but a small chance of deadlock remains if other state was mid-operation at fork time. The 'forkserver' or 'spawn' multiprocessing start method is likely a safer alternative.
  self.pid = os.fork()
/home/tz/.local/share/uv/python/cpython-3.10-linux-x86_64-gnu/lib/python3.10/multiprocessing/popen_fork.py:66: RuntimeWarning: lancedb fork support is experimental: the internal async runtime has been reset in the forked child, but a small chance of deadlock remains if other state was mid-operation at fork time. The 'forkserver' or 'spawn' multiprocessing start method is likely a safer alternative.
  self.pid = os.fork()
23:41:36 | INFO  | module.py   |   Configured optimizer 'model_opt' (modules=365, param_tensors=297, total_params=18034478) with LinearWarmupCosineAnnealingLR scheduler.
/home/tz/workspace/WAM/le-wm/.venv/lib/python3.10/site-packages/lightning/pytorch/utilities/model_summary/model_summary.py:242: Precision bf16-mixed is not supported by the model summary.  Estimated model size in MB will not be accurate. Using 32 bits instead.
┏━━━┳━━━━━━━━━━━━━━━━━━━┳━━━━━━━━━━━━┳━━━━━━━━┳━━━━━━━┳━━━━━━━┓
┃   ┃ Name              ┃ Type       ┃ Params ┃ Mode  ┃ FLOPs ┃
┡━━━╇━━━━━━━━━━━━━━━━━━━╇━━━━━━━━━━━━╇━━━━━━━━╇━━━━━━━╇━━━━━━━┩
│ 0 │ callbacks_modules │ ModuleDict │      0 │ train │     0 │
│ 1 │ callbacks_metrics │ ModuleDict │      0 │ train │     0 │
│ 2 │ model             │ JEPA       │ 18.0 M │ train │     0 │
│ 3 │ sigreg            │ SIGReg     │      0 │ train │     0 │
└───┴───────────────────┴────────────┴────────┴───────┴───────┘
Trainable params: 18.0 M                                                        
Non-trainable params: 0                                                         
Total params: 18.0 M                                                            
Total estimated model params size (MB): 72.138                                  
Modules in train mode: 368                                                      
Modules in eval mode: 0                                                         
Total FLOPs: 0                                                                  
23:41:36 | INFO  | logger.py   | [RegistryLogger] summary.json flushed (0 metrics, step=0, epoch=0) → /home/tz/.cache/stable-pretraining/runs/20260909/234135/9241e9f868d0/summary.json
/home/tz/workspace/WAM/le-wm/.venv/lib/python3.10/site-packages/lightning/pytorch/utilities/_pytree.py:21: `isinstance(treespec, LeafSpec)` is deprecated, use `isinstance(treespec, TreeSpec) and treespec.is_leaf()` instead.
/home/tz/.local/share/uv/python/cpython-3.10-linux-x86_64-gnu/lib/python3.10/multiprocessing/popen_fork.py:66: RuntimeWarning: lancedb fork support is experimental: the internal async runtime has been reset in the forked child, but a small chance of deadlock remains if other state was mid-operation at fork time. The 'forkserver' or 'spawn' multiprocessing start method is likely a safer alternative.
  self.pid = os.fork()
/home/tz/.local/share/uv/python/cpython-3.10-linux-x86_64-gnu/lib/python3.10/multiprocessing/popen_fork.py:66: RuntimeWarning: lancedb fork support is experimental: the internal async runtime has been reset in the forked child, but a small chance of deadlock remains if other state was mid-operation at fork time. The 'forkserver' or 'spawn' multiprocessing start method is likely a safer alternative.
  self.pid = os.fork()
/home/tz/.local/share/uv/python/cpython-3.10-linux-x86_64-gnu/lib/python3.10/multiprocessing/popen_fork.py:66: RuntimeWarning: lancedb fork support is experimental: the internal async runtime has been reset in the forked child, but a small chance of deadlock remains if other state was mid-operation at fork time. The 'forkserver' or 'spawn' multiprocessing start method is likely a safer alternative.
  self.pid = os.fork()
/home/tz/.local/share/uv/python/cpython-3.10-linux-x86_64-gnu/lib/python3.10/multiprocessing/popen_fork.py:66: RuntimeWarning: lancedb fork support is experimental: the internal async runtime has been reset in the forked child, but a small chance of deadlock remains if other state was mid-operation at fork time. The 'forkserver' or 'spawn' multiprocessing start method is likely a safer alternative.
  self.pid = os.fork()
/home/tz/.local/share/uv/python/cpython-3.10-linux-x86_64-gnu/lib/python3.10/multiprocessing/popen_fork.py:66: RuntimeWarning: lancedb fork support is experimental: the internal async runtime has been reset in the forked child, but a small chance of deadlock remains if other state was mid-operation at fork time. The 'forkserver' or 'spawn' multiprocessing start method is likely a safer alternative.
  self.pid = os.fork()
/home/tz/.local/share/uv/python/cpython-3.10-linux-x86_64-gnu/lib/python3.10/multiprocessing/popen_fork.py:66: RuntimeWarning: lancedb fork support is experimental: the internal async runtime has been reset in the forked child, but a small chance of deadlock remains if other state was mid-operation at fork time. The 'forkserver' or 'spawn' multiprocessing start method is likely a safer alternative.
  self.pid = os.fork()
/home/tz/workspace/WAM/le-wm/.venv/lib/python3.10/site-packages/lightning/pytorch/utilities/data.py:79: Trying to infer the `batch_size` from an ambiguous collection. The batch size we found is 128. To avoid any miscalculations, use `self.log(..., batch_size=batch_size)`.
23:41:53 | INFO  | trainer_inf~| \n+----------------------------+---------------------+
|           Metric           |        Value        |
+----------------------------+---------------------+
|       [0;34;40mvalidate/loss[0m        | [0;32;40m0.15696606040000916[0m |
|    [0;34;40mvalidate/loss_epoch[0m     | [0;32;40m0.15696606040000916[0m |
|     [0;34;40mvalidate/pred_loss[0m     | [0;32;40m0.10081370919942856[0m |
|  [0;34;40mvalidate/pred_loss_epoch[0m  | [0;32;40m0.10081370919942856[0m |
|    [0;34;40mvalidate/sigreg_loss[0m    |        [0;32;40m56.25[0m        |
| [0;34;40mvalidate/sigreg_loss_epoch[0m |        [0;32;40m56.25[0m        |
+----------------------------+---------------------+
23:41:53 | WARN  | hf_models.py| ! No Hugging Face (PreTrainedModel) submodules found in LightningModule.
23:41:53 | INFO  | utils.py    | ── Optimizers ────────────────────────────────────
23:41:53 | INFO  | module.py   |   self.optimizers() gave us 1 optimizers
23:41:53 | WARN  | module.py   | ! No clip val found for optimizer default_0
23:41:53 | WARN  | module.py   | ! Will use the Trainer's value of 1.0
23:41:53 | WARN  | module.py   | ! No clip algorithm found for optimizer default_0
23:41:53 | WARN  | module.py   | ! Will use the Trainer's value of None
23:41:53 | OK    | module.py   | ✓ Optimizer check complete:
+------------+-----------+----------------+-----------+-----------+
| Opt. Index | Opt. name |      opt       | clip val. | clip alg. |
+------------+-----------+----------------+-----------+-----------+
|     0      | default_0 | LightningAdamW |    1.0    |    None   |
+------------+-----------+----------------+-----------+-----------+
23:41:53 | INFO  | utils.py    | ── LogUnusedParametersOnce ───────────────────────
23:41:53 | INFO  | unused_para~|   registered hooks on 297 leaf parameters
23:41:53 | OK    | unused_para~| ✓ all tracked parameters received gradients on the first backward pass
23:41:53 | INFO  | unused_para~|   hooks removed, callback disabled
[Epoch 0/3] step 50/300 (2.5 it/s)
[Epoch 0/3] step 100/300 (2.4 it/s)
[Epoch 0/3] step 150/300 (2.5 it/s)
[Epoch 0/3] step 200/300 (2.4 it/s)
[Epoch 0/3] step 250/300 (2.4 it/s)
[Epoch 0/3] step 300/300 (2.4 it/s)
23:44:06 | INFO  | trainer_inf~| \n+----------------------------+-----------------------+
|           Metric           |         Value         |
+----------------------------+-----------------------+
|          [0;34;40mfit/loss[0m          |  [0;32;40m0.05714244768023491[0m  |
|       [0;34;40mfit/pred_loss[0m        |  [0;32;40m0.006849480327218771[0m |
|      [0;34;40mfit/sigreg_loss[0m       |         [0;32;40m50.25[0m         |
|    [0;34;40mhardware/cpu_percent[0m    |   [0;32;40m12.100000381469727[0m  |
|  [0;34;40mhardware/disk_read_mb_s[0m   |  [0;32;40m0.007809683680534363[0m |
|  [0;34;40mhardware/disk_write_mb_s[0m  |  [0;32;40m0.05818214267492294[0m  |
|   [0;34;40mhardware/net_recv_mb_s[0m   |  [0;32;40m0.03770822659134865[0m  |
|   [0;34;40mhardware/net_sent_mb_s[0m   |  [0;32;40m0.09061378240585327[0m  |
|    [0;34;40mhardware/ram_used_gb[0m    |   [0;32;40m80.46265411376953[0m   |
|   [0;34;40mhardware/ram_used_pct[0m    |          [0;32;40m32.0[0m         |
|    [0;34;40mhparams/lr_default_0[0m    | [0;32;40m3.795520024141297e-05[0m |
|       [0;34;40mvalidate/loss[0m        |   [0;32;40m0.2981809973716736[0m  |
|    [0;34;40mvalidate/loss_epoch[0m     |   [0;32;40m0.2981809973716736[0m  |
|     [0;34;40mvalidate/pred_loss[0m     |   [0;32;40m0.2279905527830124[0m  |
|  [0;34;40mvalidate/pred_loss_epoch[0m  |   [0;32;40m0.2279905527830124[0m  |
|    [0;34;40mvalidate/sigreg_loss[0m    |         [0;32;40m70.375[0m        |
| [0;34;40mvalidate/sigreg_loss_epoch[0m |         [0;32;40m70.375[0m        |
+----------------------------+-----------------------+
23:44:06 | INFO  | utils.py    | 📦📦📦 Model saved to /home/tz/.stable_worldmodel/checkpoints/lewm_sigreg_low/weights_epoch_1.pt 📦📦📦
[Epoch 0/3] done in 133.1s
23:44:06 | INFO  | checkpoint_~|   Checking for non PyTorch modules to save
23:44:06 | INFO  | atomic_chec~| [atomic_save] → /home/tz/.cache/stable-pretraining/runs/20260909/234135/9241e9f868d0/checkpoints/epoch=0-step=300.ckpt
23:44:06 | INFO  | atomic_chec~| [atomic_save] ✓ epoch=0-step=300.ckpt saved (206.8 MiB, serialise=0.29s write=0.16s rename=0.1ms)
23:44:06 | INFO  | checkpoint_~|   Checking for non PyTorch modules to save
23:44:06 | INFO  | atomic_chec~| [atomic_save] → /home/tz/.cache/stable-pretraining/runs/20260909/234135/9241e9f868d0/checkpoints/last.ckpt
23:44:07 | INFO  | atomic_chec~| [atomic_save] ✓ last.ckpt saved (206.8 MiB, serialise=0.35s write=0.15s rename=0.1ms)
[Epoch 1/3] step 50/300 (1.9 it/s)
[Epoch 1/3] step 100/300 (2.1 it/s)
[Epoch 1/3] step 150/300 (2.2 it/s)
[Epoch 1/3] step 200/300 (2.2 it/s)
[Epoch 1/3] step 250/300 (2.3 it/s)
[Epoch 1/3] step 300/300 (2.3 it/s)
23:46:26 | INFO  | trainer_inf~| \n+----------------------------+------------------------+
|           Metric           |         Value          |
+----------------------------+------------------------+
|          [0;34;40mfit/loss[0m          |   [0;32;40m0.0548393651843071[0m   |
|       [0;34;40mfit/pred_loss[0m        | [0;32;40m0.0040581137873232365[0m  |
|      [0;34;40mfit/sigreg_loss[0m       |         [0;32;40m50.75[0m          |
|    [0;34;40mhardware/cpu_percent[0m    |   [0;32;40m12.199999809265137[0m   |
|  [0;34;40mhardware/disk_read_mb_s[0m   |          [0;32;40m0.0[0m           |
|  [0;34;40mhardware/disk_write_mb_s[0m  |  [0;32;40m0.025663776323199272[0m  |
|   [0;34;40mhardware/net_recv_mb_s[0m   |  [0;32;40m0.008249382488429546[0m  |
|   [0;34;40mhardware/net_sent_mb_s[0m   |  [0;32;40m0.01706617884337902[0m   |
|    [0;34;40mhardware/ram_used_gb[0m    |    [0;32;40m79.7008056640625[0m    |
|   [0;34;40mhardware/ram_used_pct[0m    |   [0;32;40m31.700000762939453[0m   |
|    [0;34;40mhparams/lr_default_0[0m    | [0;32;40m1.2729709851555526e-05[0m |
|       [0;34;40mvalidate/loss[0m        |  [0;32;40m0.08551842719316483[0m   |
|    [0;34;40mvalidate/loss_epoch[0m     |  [0;32;40m0.08551842719316483[0m   |
|     [0;34;40mvalidate/pred_loss[0m     |  [0;32;40m0.03243004530668259[0m   |
|  [0;34;40mvalidate/pred_loss_epoch[0m  |  [0;32;40m0.03243004530668259[0m   |
|    [0;34;40mvalidate/sigreg_loss[0m    |   [0;32;40m53.11249923706055[0m    |
| [0;34;40mvalidate/sigreg_loss_epoch[0m |   [0;32;40m53.11249923706055[0m    |
+----------------------------+------------------------+
23:46:26 | INFO  | utils.py    | 📦📦📦 Model saved to /home/tz/.stable_worldmodel/checkpoints/lewm_sigreg_low/weights_epoch_2.pt 📦📦📦
[Epoch 1/3] done in 139.4s
23:46:26 | INFO  | checkpoint_~|   Checking for non PyTorch modules to save
23:46:26 | INFO  | atomic_chec~| [atomic_save] → /home/tz/.cache/stable-pretraining/runs/20260909/234135/9241e9f868d0/checkpoints/epoch=1-step=600.ckpt
23:46:27 | INFO  | atomic_chec~| [atomic_save] ✓ epoch=1-step=600.ckpt saved (206.8 MiB, serialise=0.29s write=0.11s rename=0.1ms)
23:46:27 | INFO  | checkpoint_~|   Checking for non PyTorch modules to save
23:46:27 | INFO  | atomic_chec~| [atomic_save] → /home/tz/.cache/stable-pretraining/runs/20260909/234135/9241e9f868d0/checkpoints/last.ckpt
23:46:27 | INFO  | atomic_chec~| [atomic_save] ✓ last.ckpt saved (206.8 MiB, serialise=0.58s write=0.22s rename=19.3ms)
[Epoch 2/3] step 50/300 (2.0 it/s)
[Epoch 2/3] step 100/300 (2.2 it/s)
[Epoch 2/3] step 150/300 (2.3 it/s)
[Epoch 2/3] step 200/300 (2.3 it/s)
[Epoch 2/3] step 250/300 (2.3 it/s)
[Epoch 2/3] step 300/300 (2.3 it/s)
23:48:45 | INFO  | trainer_inf~| \n+----------------------------+----------------------+
|           Metric           |        Value         |
+----------------------------+----------------------+
|          [0;34;40mfit/loss[0m          | [0;32;40m0.05498050898313522[0m  |
|       [0;34;40mfit/pred_loss[0m        | [0;32;40m0.004199260845780373[0m |
|      [0;34;40mfit/sigreg_loss[0m       |        [0;32;40m50.75[0m         |
|    [0;34;40mhardware/cpu_percent[0m    |  [0;32;40m12.100000381469727[0m  |
|  [0;34;40mhardware/disk_read_mb_s[0m   |         [0;32;40m0.0[0m          |
|  [0;34;40mhardware/disk_write_mb_s[0m  | [0;32;40m0.032804761081933975[0m |
|   [0;34;40mhardware/net_recv_mb_s[0m   | [0;32;40m0.008679822087287903[0m |
|   [0;34;40mhardware/net_sent_mb_s[0m   | [0;32;40m0.017487596720457077[0m |
|    [0;34;40mhardware/ram_used_gb[0m    |  [0;32;40m80.71090698242188[0m   |
|   [0;34;40mhardware/ram_used_pct[0m    |  [0;32;40m32.099998474121094[0m  |
|    [0;34;40mhparams/lr_default_0[0m    |         [0;32;40m0.0[0m          |
|       [0;34;40mvalidate/loss[0m        | [0;32;40m0.05482812970876694[0m  |
|    [0;34;40mvalidate/loss_epoch[0m     | [0;32;40m0.05482812970876694[0m  |
|     [0;34;40mvalidate/pred_loss[0m     | [0;32;40m0.004046884831041098[0m |
|  [0;34;40mvalidate/pred_loss_epoch[0m  | [0;32;40m0.004046884831041098[0m |
|    [0;34;40mvalidate/sigreg_loss[0m    |        [0;32;40m50.75[0m         |
| [0;34;40mvalidate/sigreg_loss_epoch[0m |        [0;32;40m50.75[0m         |
+----------------------------+----------------------+
23:48:45 | INFO  | utils.py    | 📦📦📦 Model saved to /home/tz/.stable_worldmodel/checkpoints/lewm_sigreg_low/weights_epoch_3.pt 📦📦📦
23:48:45 | INFO  | utils.py    | 📦📦📦 Model saved to /home/tz/.stable_worldmodel/checkpoints/lewm_sigreg_low/weights_epoch_3.pt 📦📦📦
[Epoch 2/3] done in 137.5s
23:48:45 | INFO  | checkpoint_~|   Checking for non PyTorch modules to save
23:48:45 | INFO  | atomic_chec~| [atomic_save] → /home/tz/.cache/stable-pretraining/runs/20260909/234135/9241e9f868d0/checkpoints/epoch=2-step=900.ckpt
23:48:45 | INFO  | atomic_chec~| [atomic_save] ✓ epoch=2-step=900.ckpt saved (206.8 MiB, serialise=0.36s write=0.13s rename=0.1ms)
23:48:46 | INFO  | checkpoint_~|   Checking for non PyTorch modules to save
23:48:46 | INFO  | atomic_chec~| [atomic_save] → /home/tz/.cache/stable-pretraining/runs/20260909/234135/9241e9f868d0/checkpoints/last.ckpt
23:48:46 | INFO  | atomic_chec~| [atomic_save] ✓ last.ckpt saved (206.8 MiB, serialise=0.37s write=0.12s rename=12.5ms)
`Trainer.fit` stopped: `max_epochs=3` reached.
Epoch 2/2  ━━━━━━━━━━━━━━━━━━━━━━━━━━━━━━━━ 300/300 0:02:08 • 0:00:00 2.45it/s 
23:48:48 | INFO  | utils.py    | ── SignalHandlers (after Trainer.fit() returned) ──
23:48:48 | INFO  | manager.py  |   SIGUSR1  → SIG_DFL (default OS action — terminate process)
23:48:48 | INFO  | manager.py  |   SIGUSR2  → SIG_DFL (default OS action — terminate process)
23:48:48 | INFO  | manager.py  |   SIGCONT  → SIG_DFL (default OS action — terminate process)
23:48:48 | INFO  | manager.py  |   SIGTERM  → SIG_DFL (default OS action — terminate process)
